{
  "version": "1.5.0",
  "plugins_used": [
    {
      "name": "ArtifactoryDetector"
    },
    {
      "name": "AWSKeyDetector"
    },
    {
      "name": "AzureStorageKeyDetector"
    },
    {
      "name": "Base64HighEntropyString",
      "limit": 4.5
    },
    {
      "name": "BasicAuthDetector"
    },
    {
      "name": "CloudantDetector"
    },
    {
      "name": "DiscordBotTokenDetector"
    },
    {
      "name": "GitHubTokenDetector"
    },
    {
      "name": "GitLabTokenDetector"
    },
    {
      "name": "HexHighEntropyString",
      "limit": 3
    },
    {
      "name": "IbmCloudIamDetector"
    },
    {
      "name": "IbmCosHmacDetector"
    },
    {
      "name": "IPPublicDetector"
    },
    {
      "name": "JwtTokenDetector"
    },
    {
      "name": "KeywordDetector",
      "keyword_exclude": ""
    },
    {
      "name": "MailchimpDetector"
    },
    {
      "name": "NpmDetector"
    },
    {
      "name": "OpenAIDetector"
    },
    {
      "name": "PrivateKeyDetector"
    },
    {
      "name": "PypiTokenDetector"
    },
    {
      "name": "SendGridDetector"
    },
    {
      "name": "SlackDetector"
    },
    {
      "name": "SoftlayerDetector"
    },
    {
      "name": "SquareOAuthDetector"
    },
    {
      "name": "StripeDetector"
    },
    {
      "name": "TelegramBotTokenDetector"
    },
    {
      "name": "TwilioKeyDetector"
    }
  ],
  "filters_used": [
    {
      "path": "detect_secrets.filters.allowlist.is_line_allowlisted"
    },
    {
      "path": "detect_secrets.filters.common.is_baseline_file",
      "filename": ".secrets.baseline"
    },
    {
      "path": "detect_secrets.filters.common.is_ignored_due_to_verification_policies",
      "min_level": 2
    },
    {
      "path": "detect_secrets.filters.heuristic.is_indirect_reference"
    },
    {
      "path": "detect_secrets.filters.heuristic.is_likely_id_string"
    },
    {
      "path": "detect_secrets.filters.heuristic.is_lock_file"
    },
    {
      "path": "detect_secrets.filters.heuristic.is_not_alphanumeric_string"
    },
    {
      "path": "detect_secrets.filters.heuristic.is_potential_uuid"
    },
    {
      "path": "detect_secrets.filters.heuristic.is_prefixed_with_dollar_sign"
    },
    {
      "path": "detect_secrets.filters.heuristic.is_sequential_string"
    },
    {
      "path": "detect_secrets.filters.heuristic.is_swagger_file"
    },
    {
      "path": "detect_secrets.filters.heuristic.is_templated_secret"
    },
    {
      "path": "detect_secrets.filters.regex.should_exclude_file",
      "pattern": [
        "(^|/)(\\.git|\\.mypy_cache|\\.ruff_cache|build|dist|.*\\.egg-info)(/|$)"
      ]
    }
  ],
  "results": {
    "docs/archive/audit-v0.3.9/AUDIT_REGISTER_RECONCILED.md": [
      {
        "type": "Secret Keyword",
        "filename": "docs/archive/audit-v0.3.9/AUDIT_REGISTER_RECONCILED.md",
        "hashed_secret": "54d9aefc793e6706abe0bdd07ded994daf6edd0c",
        "is_verified": false,
        "line_number": 81,
        "is_secret": false
      },
      {
        "type": "Secret Keyword",
        "filename": "docs/archive/audit-v0.3.9/AUDIT_REGISTER_RECONCILED.md",
        "hashed_secret": "9ab3c5177eef43379ed33b18c77e1ddb9ae72da6",
        "is_verified": false,
        "line_number": 85,
        "is_secret": false
      }
    ],
    "o.jsonl.dalfox.toml": [
      {
        "type": "Secret Keyword",
        "filename": "o.jsonl.dalfox.toml",
        "hashed_secret": "4c4206981fc36a5516450b196f72d2b4942e2079",
        "is_verified": false,
        "line_number": 2,
        "is_secret": false
      }
    ],
    "release/evidence/security-exceptions-v1.json": [
      {
        "type": "Hex High Entropy String",
        "filename": "release/evidence/security-exceptions-v1.json",
        "hashed_secret": "2ef14386c1d4ad7947d6f66b9df9e1819432091d",
        "is_verified": false,
        "line_number": 4,
        "is_secret": false
      },
      {
        "type": "Hex High Entropy String",
        "filename": "release/evidence/security-exceptions-v1.json",
        "hashed_secret": "ac904f9022a5dcf0a82bbc53e33d5121de9669e0",
        "is_verified": false,
        "line_number": 13,
        "is_secret": false
      },
      {
        "type": "Hex High Entropy String",
        "filename": "release/evidence/security-exceptions-v1.json",
        "hashed_secret": "644de449e38f4848446e2c11703b81e3d4ae8f93",
        "is_verified": false,
        "line_number": 22,
        "is_secret": false
      },
      {
        "type": "Hex High Entropy String",
        "filename": "release/evidence/security-exceptions-v1.json",
        "hashed_secret": "c88a272e52a1f621e608ec918d1fb5d3a2d281fe",
        "is_verified": false,
        "line_number": 31,
        "is_secret": false
      }
    ],
    "scripts/verify-quarry.sh": [
      {
        "type": "AWS Access Key",
        "filename": "scripts/verify-quarry.sh",
        "hashed_secret": "1547f67271936468fc55737224f0ca2a93cd6dfd",
        "is_verified": false,
        "line_number": 99,
        "is_secret": false
      },
      {
        "type": "Base64 High Entropy String",
        "filename": "scripts/verify-quarry.sh",
        "hashed_secret": "c3ef01a3e93fa9c4d5fc981d7dd79beda13d8d91",
        "is_verified": false,
        "line_number": 99,
        "is_secret": false
      },
      {
        "type": "GitHub Token",
        "filename": "scripts/verify-quarry.sh",
        "hashed_secret": "e175c6f5f2a92e8623bd9a4820edb4e8c1b0fd10",
        "is_verified": false,
        "line_number": 99,
        "is_secret": false
      },
      {
        "type": "AWS Access Key",
        "filename": "scripts/verify-quarry.sh",
        "hashed_secret": "fc551131f2061aeaeaf106655c1d80c01648a573",
        "is_verified": false,
        "line_number": 150,
        "is_secret": false
      },
      {
        "type": "Base64 High Entropy String",
        "filename": "scripts/verify-quarry.sh",
        "hashed_secret": "d018a175eb6442a999559e2dd917498923940ebc",
        "is_verified": false,
        "line_number": 362,
        "is_secret": false
      },
      {
        "type": "Base64 High Entropy String",
        "filename": "scripts/verify-quarry.sh",
        "hashed_secret": "786704843a2cc4a1280b02627e78afe0e69ab43b",
        "is_verified": false,
        "line_number": 874,
        "is_secret": false
      },
      {
        "type": "Base64 High Entropy String",
        "filename": "scripts/verify-quarry.sh",
        "hashed_secret": "b1f4e5ae36d13ec7cf4846b82fe4e740d96b4568",
        "is_verified": false,
        "line_number": 914,
        "is_secret": false
      },
      {
        "type": "Secret Keyword",
        "filename": "scripts/verify-quarry.sh",
        "hashed_secret": "b6409a6a0bb78bfa5d91deb1a9b9f38c0601a8ed",
        "is_verified": false,
        "line_number": 914,
        "is_secret": false
      },
      {
        "type": "AWS Access Key",
        "filename": "scripts/verify-quarry.sh",
        "hashed_secret": "25910f981e85ca04baf359199dd0bd4a3ae738b6",
        "is_verified": false,
        "line_number": 1090,
        "is_secret": false
      },
      {
        "type": "Base64 High Entropy String",
        "filename": "scripts/verify-quarry.sh",
        "hashed_secret": "532e45d8c38b4e2f5b8e435193e84c97bed7e139",
        "is_verified": false,
        "line_number": 1627,
        "is_secret": false
      },
      {
        "type": "AWS Access Key",
        "filename": "scripts/verify-quarry.sh",
        "hashed_secret": "abac545fc3bf803134bc8f78fb6160a5c6a87b26",
        "is_verified": false,
        "line_number": 1733,
        "is_secret": false
      },
      {
        "type": "Secret Keyword",
        "filename": "scripts/verify-quarry.sh",
        "hashed_secret": "5ffe533b830f08a0326348a9160afafc8ada44db",
        "is_verified": false,
        "line_number": 5689,
        "is_secret": false
      }
    ],
    "src/quarry_recon/data/bootstrap.yaml": [
      {
        "type": "Hex High Entropy String",
        "filename": "src/quarry_recon/data/bootstrap.yaml",
        "hashed_secret": "21714bc840b2beaa77b654e2b46b604537a534ce",
        "is_verified": false,
        "line_number": 172,
        "is_secret": false
      },
      {
        "type": "Hex High Entropy String",
        "filename": "src/quarry_recon/data/bootstrap.yaml",
        "hashed_secret": "33753914ee7694c147c0c4eecb510e763085e72e",
        "is_verified": false,
        "line_number": 173,
        "is_secret": false
      }
    ],
    "src/quarry_recon/data/tools.yaml": [
      {
        "type": "Hex High Entropy String",
        "filename": "src/quarry_recon/data/tools.yaml",
        "hashed_secret": "360daf75fa4452567f1cdf5fdf75f427198665f9",
        "is_verified": false,
        "line_number": 146,
        "is_secret": false
      },
      {
        "type": "Hex High Entropy String",
        "filename": "src/quarry_recon/data/tools.yaml",
        "hashed_secret": "e3a1e60bf333f7731f418fef6a067921f8ea34c9",
        "is_verified": false,
        "line_number": 173,
        "is_secret": false
      },
      {
        "type": "Hex High Entropy String",
        "filename": "src/quarry_recon/data/tools.yaml",
        "hashed_secret": "7dc69df09876812bbb982ea9d6e01c3c3ff489ef",
        "is_verified": false,
        "line_number": 180,
        "is_secret": false
      },
      {
        "type": "Hex High Entropy String",
        "filename": "src/quarry_recon/data/tools.yaml",
        "hashed_secret": "ce0cf19351d94a79209aa7a65fad71332763ce77",
        "is_verified": false,
        "line_number": 232,
        "is_secret": false
      },
      {
        "type": "Hex High Entropy String",
        "filename": "src/quarry_recon/data/tools.yaml",
        "hashed_secret": "ab5c4a390cff652c443357f26b593fb5221d79a3",
        "is_verified": false,
        "line_number": 234,
        "is_secret": false
      },
      {
        "type": "Hex High Entropy String",
        "filename": "src/quarry_recon/data/tools.yaml",
        "hashed_secret": "1bc4a881570dbe97cc3f484ccf8f6acf918cad17",
        "is_verified": false,
        "line_number": 267,
        "is_secret": false
      },
      {
        "type": "Hex High Entropy String",
        "filename": "src/quarry_recon/data/tools.yaml",
        "hashed_secret": "073e4042e2c1dc35dae1294dd2b8279b1478910d",
        "is_verified": false,
        "line_number": 269,
        "is_secret": false
      },
      {
        "type": "Hex High Entropy String",
        "filename": "src/quarry_recon/data/tools.yaml",
        "hashed_secret": "0d393f618f89117fb6391d4a0f96fc9001a12d23",
        "is_verified": false,
        "line_number": 484,
        "is_secret": false
      },
      {
        "type": "Hex High Entropy String",
        "filename": "src/quarry_recon/data/tools.yaml",
        "hashed_secret": "c6af6c8b5eab22e840f3f18277fd4d70b2394a8d",
        "is_verified": false,
        "line_number": 486,
        "is_secret": false
      },
      {
        "type": "Hex High Entropy String",
        "filename": "src/quarry_recon/data/tools.yaml",
        "hashed_secret": "7943657469a46cb8b7de2318ceb047d584ef93b5",
        "is_verified": false,
        "line_number": 500,
        "is_secret": false
      },
      {
        "type": "Hex High Entropy String",
        "filename": "src/quarry_recon/data/tools.yaml",
        "hashed_secret": "c611d908c591f1077af3fa5b9987ddedf69f779a",
        "is_verified": false,
        "line_number": 502,
        "is_secret": false
      },
      {
        "type": "Hex High Entropy String",
        "filename": "src/quarry_recon/data/tools.yaml",
        "hashed_secret": "3422cd7b39df9f7c93b4e1ede4741cd7291ece58",
        "is_verified": false,
        "line_number": 578,
        "is_secret": false
      },
      {
        "type": "Hex High Entropy String",
        "filename": "src/quarry_recon/data/tools.yaml",
        "hashed_secret": "4d5a24a6ecdd8455caef21402befee66e9e9b22f",
        "is_verified": false,
        "line_number": 580,
        "is_secret": false
      }
    ],
    "src/quarry_recon/evidence.py": [
      {
        "type": "Secret Keyword",
        "filename": "src/quarry_recon/evidence.py",
        "hashed_secret": "39f69c278f46165447f30d10acf54277aaa3d5fc",
        "is_verified": false,
        "line_number": 130,
        "is_secret": false
      }
    ],
    "src/quarry_recon/network_dns.py": [
      {
        "type": "Base64 High Entropy String",
        "filename": "src/quarry_recon/network_dns.py",
        "hashed_secret": "f2a832e76ac8ff76a637bdf363c0178b2caaf91c",
        "is_verified": false,
        "line_number": 597,
        "is_secret": false
      }
    ],
    "src/quarry_recon/normalize.py": [
      {
        "type": "Base64 High Entropy String",
        "filename": "src/quarry_recon/normalize.py",
        "hashed_secret": "f2a832e76ac8ff76a637bdf363c0178b2caaf91c",
        "is_verified": false,
        "line_number": 324,
        "is_secret": false
      }
    ],
    "src/quarry_recon/phases/crawl.py": [
      {
        "type": "Secret Keyword",
        "filename": "src/quarry_recon/phases/crawl.py",
        "hashed_secret": "6266b535a614101338f5890733049d89c8464532",
        "is_verified": false,
        "line_number": 109,
        "is_secret": false
      }
    ],
    "src/quarry_recon/phases/probe.py": [
      {
        "type": "Base64 High Entropy String",
        "filename": "src/quarry_recon/phases/probe.py",
        "hashed_secret": "f2a832e76ac8ff76a637bdf363c0178b2caaf91c",
        "is_verified": false,
        "line_number": 186,
        "is_secret": false
      }
    ],
    "src/quarry_recon/release_contracts.py": [
      {
        "type": "Secret Keyword",
        "filename": "src/quarry_recon/release_contracts.py",
        "hashed_secret": "fe0b2f2f514fec14800ea55147d1ba629b07ebab",
        "is_verified": false,
        "line_number": 508,
        "is_secret": false
      }
    ],
    "src/quarry_recon/store.py": [
      {
        "type": "Secret Keyword",
        "filename": "src/quarry_recon/store.py",
        "hashed_secret": "87ea5dfc8b8e384d848979496e706390b497e547",
        "is_verified": false,
        "line_number": 307,
        "is_secret": false
      }
    ],
    "tests/fixtures/shodan/host-1.1.1.1.json": [
      {
        "type": "Hex High Entropy String",
        "filename": "tests/fixtures/shodan/host-1.1.1.1.json",
        "hashed_secret": "44aef64390320b80b47d3585c91f7c4e80310851",
        "is_verified": false,
        "line_number": 10,
        "is_secret": false
      },
      {
        "type": "Hex High Entropy String",
        "filename": "tests/fixtures/shodan/host-1.1.1.1.json",
        "hashed_secret": "288fdd13c18e85054c1004235a03355cd45c9e34",
        "is_verified": false,
        "line_number": 27,
        "is_secret": false
      },
      {
        "type": "Hex High Entropy String",
        "filename": "tests/fixtures/shodan/host-1.1.1.1.json",
        "hashed_secret": "452827821ed281faf9b9642a5ce921ea3b10a2fb",
        "is_verified": false,
        "line_number": 47,
        "is_secret": false
      }
    ],
    "tests/test_config.py": [
      {
        "type": "Secret Keyword",
        "filename": "tests/test_config.py",
        "hashed_secret": "5ffe533b830f08a0326348a9160afafc8ada44db",
        "is_verified": false,
        "line_number": 85,
        "is_secret": false
      }
    ],
    "tests/test_crawl_fetch_lanes.py": [
      {
        "type": "Basic Auth Credentials",
        "filename": "tests/test_crawl_fetch_lanes.py",
        "hashed_secret": "9d4e1e23bd5b727046a9e3b4b7db57bd8d6ee684",
        "is_verified": false,
        "line_number": 2508,
        "is_secret": false
      },
      {
        "type": "AWS Access Key",
        "filename": "tests/test_crawl_fetch_lanes.py",
        "hashed_secret": "25910f981e85ca04baf359199dd0bd4a3ae738b6",
        "is_verified": false,
        "line_number": 3390,
        "is_secret": false
      }
    ],
    "tests/test_dalfox.py": [
      {
        "type": "Secret Keyword",
        "filename": "tests/test_dalfox.py",
        "hashed_secret": "690430353f454473a86826a4072cc20854958533",
        "is_verified": false,
        "line_number": 1035,
        "is_secret": false
      },
      {
        "type": "Secret Keyword",
        "filename": "tests/test_dalfox.py",
        "hashed_secret": "6280b9f942d563427990b8eb881196b162875aa8",
        "is_verified": false,
        "line_number": 1098,
        "is_secret": false
      }
    ],
    "tests/test_evidence_acquisition.py": [
      {
        "type": "AWS Access Key",
        "filename": "tests/test_evidence_acquisition.py",
        "hashed_secret": "25910f981e85ca04baf359199dd0bd4a3ae738b6",
        "is_verified": false,
        "line_number": 103,
        "is_secret": false
      },
      {
        "type": "Basic Auth Credentials",
        "filename": "tests/test_evidence_acquisition.py",
        "hashed_secret": "87da19efbf47730e3bc20b8e9709a601dfe957a1",
        "is_verified": false,
        "line_number": 439,
        "is_secret": false
      },
      {
        "type": "Base64 High Entropy String",
        "filename": "tests/test_evidence_acquisition.py",
        "hashed_secret": "77423228edc0359b85fe0afcb4c91831f7dd74fc",
        "is_verified": false,
        "line_number": 524,
        "is_secret": false
      }
    ],
    "tests/test_identity.py": [
      {
        "type": "Basic Auth Credentials",
        "filename": "tests/test_identity.py",
        "hashed_secret": "b310478ee7b8aa7c11aa58840356334aefac7c32",
        "is_verified": false,
        "line_number": 59,
        "is_secret": false
      }
    ],
    "tests/test_lock.py": [
      {
        "type": "Hex High Entropy String",
        "filename": "tests/test_lock.py",
        "hashed_secret": "360daf75fa4452567f1cdf5fdf75f427198665f9",
        "is_verified": false,
        "line_number": 248,
        "is_secret": false
      }
    ],
    "tests/test_native_provider_transport.py": [
      {
        "type": "Secret Keyword",
        "filename": "tests/test_native_provider_transport.py",
        "hashed_secret": "0e8799a9d93ec4c91d7846abb63f4a85ea86ff6b",
        "is_verified": false,
        "line_number": 116,
        "is_secret": false
      }
    ],
    "tests/test_policy_registry.py": [
      {
        "type": "Base64 High Entropy String",
        "filename": "tests/test_policy_registry.py",
        "hashed_secret": "f42b348e5608d0cb3931be7652f4b902b667fe79",
        "is_verified": false,
        "line_number": 506,
        "is_secret": false
      },
      {
        "type": "Secret Keyword",
        "filename": "tests/test_policy_registry.py",
        "hashed_secret": "f42b348e5608d0cb3931be7652f4b902b667fe79",
        "is_verified": false,
        "line_number": 506,
        "is_secret": false
      }
    ],
    "tests/test_provider_pacing.py": [
      {
        "type": "Secret Keyword",
        "filename": "tests/test_provider_pacing.py",
        "hashed_secret": "ab5781974a9612fc6fa83cfa14916febcb112083",
        "is_verified": false,
        "line_number": 41,
        "is_secret": false
      }
    ],
    "tests/test_runner_containment.py": [
      {
        "type": "Secret Keyword",
        "filename": "tests/test_runner_containment.py",
        "hashed_secret": "9aca733ecf3bbb554e1df5e2da01d28b9ad8625a",
        "is_verified": false,
        "line_number": 7587,
        "is_secret": false
      }
    ],
    "tests/test_runner_protocol.py": [
      {
        "type": "Secret Keyword",
        "filename": "tests/test_runner_protocol.py",
        "hashed_secret": "8160163a6897b9f96aae04dbe44e1057c1f938e3",
        "is_verified": false,
        "line_number": 101,
        "is_secret": false
      }
    ],
    "tests/test_runner_protocol_parent_validation.py": [
      {
        "type": "Secret Keyword",
        "filename": "tests/test_runner_protocol_parent_validation.py",
        "hashed_secret": "e0df26ce4ba33a75db6ab689dae7617233a1c417",
        "is_verified": false,
        "line_number": 44,
        "is_secret": false
      }
    ],
    "tests/test_secret_mining.py": [
      {
        "type": "Hex High Entropy String",
        "filename": "tests/test_secret_mining.py",
        "hashed_secret": "0f8789da4b7c09f352c338a2c7a2ce09aeac4544",
        "is_verified": false,
        "line_number": 56,
        "is_secret": false
      },
      {
        "type": "Secret Keyword",
        "filename": "tests/test_secret_mining.py",
        "hashed_secret": "0f0d959bca569bf2b0a8bff3e2f1e88920ee7c5f",
        "is_verified": false,
        "line_number": 94,
        "is_secret": false
      },
      {
        "type": "Secret Keyword",
        "filename": "tests/test_secret_mining.py",
        "hashed_secret": "fb5fb263a926b2b0066a2874e3bf4c247484aeed",
        "is_verified": false,
        "line_number": 122,
        "is_secret": false
      },
      {
        "type": "AWS Access Key",
        "filename": "tests/test_secret_mining.py",
        "hashed_secret": "25910f981e85ca04baf359199dd0bd4a3ae738b6",
        "is_verified": false,
        "line_number": 154,
        "is_secret": false
      },
      {
        "type": "Secret Keyword",
        "filename": "tests/test_secret_mining.py",
        "hashed_secret": "6dbfcf4c6db1816c81075a185b1a19d032ec199a",
        "is_verified": false,
        "line_number": 160,
        "is_secret": false
      },
      {
        "type": "Secret Keyword",
        "filename": "tests/test_secret_mining.py",
        "hashed_secret": "9f1253d39e57910c02f2ea76bf83d2986bfcf2d8",
        "is_verified": false,
        "line_number": 161,
        "is_secret": false
      }
    ],
    "tests/test_shodan_host.py": [
      {
        "type": "Base64 High Entropy String",
        "filename": "tests/test_shodan_host.py",
        "hashed_secret": "eefb47d37bdb086c2a158dfd7a10370e7375baf9",
        "is_verified": false,
        "line_number": 3140,
        "is_secret": false
      }
    ],
    "tests/test_v310_installer_runtime_secrets.py": [
      {
        "type": "Secret Keyword",
        "filename": "tests/test_v310_installer_runtime_secrets.py",
        "hashed_secret": "bbe80f9109249dd011ce7184da68caf0f869fa7f",
        "is_verified": false,
        "line_number": 727,
        "is_secret": false
      },
      {
        "type": "GitHub Token",
        "filename": "tests/test_v310_installer_runtime_secrets.py",
        "hashed_secret": "e175c6f5f2a92e8623bd9a4820edb4e8c1b0fd10",
        "is_verified": false,
        "line_number": 975,
        "is_secret": false
      }
    ],
    "tests/test_v310_nuclei_policy.py": [
      {
        "type": "Basic Auth Credentials",
        "filename": "tests/test_v310_nuclei_policy.py",
        "hashed_secret": "e5e9fa1ba31ecd1ae84f75caaa474f3a663f05f4",
        "is_verified": false,
        "line_number": 154,
        "is_secret": false
      }
    ],
    "tests/test_v310_osint_native_provider_closure.py": [
      {
        "type": "Secret Keyword",
        "filename": "tests/test_v310_osint_native_provider_closure.py",
        "hashed_secret": "e8c19d4e856854053c4807490ee8dd9c1ae9329d",
        "is_verified": false,
        "line_number": 103,
        "is_secret": false
      }
    ]
  },
  "generated_at": "2026-08-21T00:47:30Z"
}
